# serializer version: 1
# name: test_read_model_baseline_snapshot[hvac]
  dict({
    'devices': list([
      dict({
        'battery_low': None,
        'battery_state': None,
        'cqrs_hvac_state': dict({
          'co2_level': 633,
          'fan_info': 'auto',
          'fan_mode': 'normal',
          'indoor_humidity': 0.49,
          'post_heat': 0.0,
          'remaining_mins': 0,
          'speed_capabilities': list([
            'post_heater',
          ]),
        }),
        'id': '30:079129',
        'type': 'RfgGateway',
      }),
      dict({
        'battery_low': None,
        'battery_state': None,
        'cqrs_hvac_state': dict({
          'co2_level': 633,
          'fan_info': 'auto',
          'indoor_humidity': 0.49,
          'post_heat': 0.0,
          'remaining_mins': 0,
          'speed_capabilities': list([
            'post_heater',
          ]),
        }),
        'id': '32:166025',
        'type': 'DeviceHvac',
      }),
      dict({
        'battery_low': None,
        'battery_state': None,
        'cqrs_hvac_state': dict({
          'dewpoint_temp': 14.64,
          'indoor_humidity': 0.6,
          'indoor_temp': 22.56,
          'temperature': 22.56,
        }),
        'id': '32:168240',
        'type': 'DeviceHvac',
      }),
      dict({
        'battery_low': None,
        'battery_state': None,
        'cqrs_hvac_state': dict({
          'fan_mode': 'normal',
        }),
        'id': '32:172534',
        'type': 'DeviceHvac',
      }),
    ]),
    'schema': dict({
      'main_tcs': None,
      'orphans_heat': list([
        '30:079129',
      ]),
      'orphans_hvac': list([
        '32:166025',
        '32:168240',
        '32:172534',
      ]),
    }),
  })
# ---
# name: test_read_model_baseline_snapshot[opentherm]
  dict({
    'devices': list([
      dict({
        'battery_low': None,
        'battery_state': None,
        'id': '01:216136',
        'type': 'Controller',
      }),
      dict({
        'battery_low': False,
        'battery_state': dict({
          'battery_level': 1.0,
          'battery_low': False,
        }),
        'heat_demand': 0.0,
        'id': '04:034682',
        'setpoint': 18.0,
        'temperature': 18.3,
        'type': 'TrvActuator',
        'window_open': False,
      }),
      dict({
        'battery_low': False,
        'battery_state': dict({
          'battery_level': 1.0,
          'battery_low': False,
        }),
        'heat_demand': 0.0,
        'id': '04:034684',
        'setpoint': 5.0,
        'temperature': 18.47,
        'type': 'TrvActuator',
        'window_open': False,
      }),
      dict({
        'battery_low': False,
        'battery_state': dict({
          'battery_level': 1.0,
          'battery_low': False,
        }),
        'heat_demand': 0.3,
        'id': '04:034690',
        'setpoint': 18.0,
        'temperature': 18.78,
        'type': 'TrvActuator',
        'window_open': False,
      }),
      dict({
        'battery_low': None,
        'battery_state': None,
        'heat_demand': 0.0,
        'id': '04:034692',
        'setpoint': 5.0,
        'temperature': 18.44,
        'type': 'TrvActuator',
        'window_open': False,
      }),
      dict({
        'battery_low': False,
        'battery_state': dict({
          'battery_level': 1.0,
          'battery_low': False,
        }),
        'heat_demand': 0.3,
        'id': '04:034716',
        'setpoint': 18.0,
        'temperature': 18.85,
        'type': 'TrvActuator',
        'window_open': False,
      }),
      dict({
        'battery_low': False,
        'battery_state': dict({
          'battery_level': 1.0,
          'battery_low': False,
        }),
        'heat_demand': 0.0,
        'id': '04:034720',
        'setpoint': 18.0,
        'temperature': 18.76,
        'type': 'TrvActuator',
        'window_open': False,
      }),
      dict({
        'battery_low': False,
        'battery_state': dict({
          'battery_level': 1.0,
          'battery_low': False,
        }),
        'heat_demand': 0.2,
        'id': '04:034722',
        'setpoint': 18.0,
        'temperature': 19.26,
        'type': 'TrvActuator',
        'window_open': False,
      }),
      dict({
        'battery_low': False,
        'battery_state': dict({
          'battery_level': 1.0,
          'battery_low': False,
        }),
        'heat_demand': 0.2,
        'id': '04:034726',
        'setpoint': 18.0,
        'temperature': 19.17,
        'type': 'TrvActuator',
        'window_open': False,
      }),
      dict({
        'battery_low': False,
        'battery_state': dict({
          'battery_level': 1.0,
          'battery_low': False,
        }),
        'heat_demand': 0.0,
        'id': '04:036066',
        'setpoint': 18.0,
        'temperature': 18.66,
        'type': 'TrvActuator',
        'window_open': False,
      }),
      dict({
        'battery_low': False,
        'battery_state': dict({
          'battery_level': 1.0,
          'battery_low': False,
        }),
        'heat_demand': 0.0,
        'id': '04:036068',
        'setpoint': 18.0,
        'temperature': 18.83,
        'type': 'TrvActuator',
        'window_open': False,
      }),
      dict({
        'battery_low': False,
        'battery_state': dict({
          'battery_level': 1.0,
          'battery_low': False,
        }),
        'heat_demand': 0.0,
        'id': '04:056673',
        'setpoint': 18.0,
        'temperature': 20.65,
        'type': 'TrvActuator',
        'window_open': False,
      }),
      dict({
        'battery_low': False,
        'battery_state': dict({
          'battery_level': 1.0,
          'battery_low': False,
        }),
        'heat_demand': 0.0,
        'id': '04:056675',
        'setpoint': 18.0,
        'temperature': 19.72,
        'type': 'TrvActuator',
        'window_open': False,
      }),
      dict({
        'battery_low': False,
        'battery_state': dict({
          'battery_level': 0.5,
          'battery_low': False,
        }),
        'heat_demand': 0.1,
        'id': '04:056677',
        'setpoint': 18.5,
        'temperature': 19.65,
        'type': 'TrvActuator',
        'window_open': False,
      }),
      dict({
        'battery_low': False,
        'battery_state': dict({
          'battery_level': 1.0,
          'battery_low': False,
        }),
        'heat_demand': 0.46,
        'id': '04:056679',
        'setpoint': 19.0,
        'temperature': 20.81,
        'type': 'TrvActuator',
        'window_open': False,
      }),
      dict({
        'battery_low': False,
        'battery_state': dict({
          'battery_level': 0.5,
          'battery_low': False,
        }),
        'heat_demand': 0.0,
        'id': '04:106557',
        'setpoint': 18.0,
        'temperature': 19.47,
        'type': 'TrvActuator',
        'window_open': False,
      }),
      dict({
        'battery_low': None,
        'battery_state': None,
        'heat_demand': 0.0,
        'id': '04:208990',
        'temperature': 16.62,
        'type': 'TrvActuator',
        'window_open': False,
      }),
      dict({
        'battery_low': False,
        'battery_state': dict({
          'battery_level': 0.5,
          'battery_low': False,
        }),
        'heat_demand': 0.0,
        'id': '04:208992',
        'setpoint': 5.0,
        'temperature': 19.74,
        'type': 'TrvActuator',
        'window_open': False,
      }),
      dict({
        'battery_low': False,
        'battery_state': dict({
          'battery_level': 1.0,
          'battery_low': False,
        }),
        'heat_demand': 0.0,
        'id': '04:208994',
        'setpoint': 5.0,
        'temperature': 18.91,
        'type': 'TrvActuator',
        'window_open': False,
      }),
      dict({
        'battery_low': False,
        'battery_state': dict({
          'battery_level': 1.0,
          'battery_low': False,
        }),
        'heat_demand': 0.0,
        'id': '04:208998',
        'temperature': 18.87,
        'type': 'TrvActuator',
        'window_open': False,
      }),
      dict({
        'battery_low': False,
        'battery_state': dict({
          'battery_level': 0.5,
          'battery_low': False,
        }),
        'heat_demand': 0.47,
        'id': '04:219929',
        'setpoint': 19.0,
        'temperature': 20.83,
        'type': 'TrvActuator',
        'window_open': False,
      }),
      dict({
        'battery_low': False,
        'battery_state': dict({
          'battery_level': None,
          'battery_low': False,
        }),
        'dhw_params': dict({
          'differential': 5.0,
          'overrun': 0,
          'setpoint': 57.0,
        }),
        'id': '07:050121',
        'temperature': 58.25,
        'type': 'DhwSensor',
      }),
      dict({
        'actuator_state': dict({
          'ch_active': False,
          'ch_enabled': False,
          'ch_setpoint': 10,
          'cool_active': False,
          'dhw_active': False,
          'flame_on': False,
          'max_rel_modulation': 0.5,
          'modulation_level': 0.0,
        }),
        'battery_low': None,
        'battery_state': None,
        'boiler_setpoint': 10.0,
        'ch_active': False,
        'ch_enabled': False,
        'ch_setpoint': 10,
        'dhw_active': False,
        'flame_active': False,
        'heat_demand': 0.99,
        'id': '10:064873',
        'max_rel_modulation': 0.5,
        'rel_modulation_level': 0.0,
        'type': 'OtbGateway',
      }),
      dict({
        'actuator_cycle': dict({
          'actuator_countdown': 414,
          'cycle_countdown': 414,
          'modulation_level': 0.0,
        }),
        'actuator_state': dict({
          'modulation_level': 0.0,
        }),
        'battery_low': None,
        'battery_state': None,
        'id': '13:042605',
        'relay_demand': 0.0,
        'tpi_params': dict({
          'cycle_rate': 6,
          'min_off_time': 0.0,
          'min_on_time': 2.0,
          'proportional_band_width': None,
        }),
        'type': 'BdrSwitch',
      }),
      dict({
        'battery_low': None,
        'battery_state': None,
        'id': '18:000730',
        'type': 'HgiGateway',
      }),
      dict({
        'battery_low': None,
        'battery_state': None,
        'id': '18:007642',
        'type': 'HgiGateway',
      }),
      dict({
        'battery_low': None,
        'battery_state': None,
        'cqrs_hvac_state': dict({
          'temperature': 17.84,
        }),
        'id': '18:072981',
        'type': 'HgiGateway',
      }),
      dict({
        'battery_low': None,
        'battery_state': None,
        'cqrs_hvac_state': dict({
          'temperature': 18.35,
        }),
        'id': '18:191664',
        'type': 'HgiGateway',
      }),
      dict({
        'battery_low': False,
        'battery_state': dict({
          'battery_level': None,
          'battery_low': False,
        }),
        'cqrs_hvac_state': dict({
          'temperature': 18.2,
        }),
        'id': '22:012299',
        'temperature': 19.8,
        'type': 'Thermostat',
      }),
      dict({
        'battery_low': False,
        'battery_state': dict({
          'battery_level': None,
          'battery_low': False,
        }),
        'cqrs_hvac_state': dict({
          'temperature': 18.63,
        }),
        'id': '34:058721',
        'temperature': 20.4,
        'type': 'Thermostat',
      }),
    ]),
    'dhw': dict({
      'config': dict({
        'differential': 5.0,
        'overrun': 0,
        'setpoint': 57.0,
      }),
      'heat_demand': 0.12,
      'id': '01:216136_HW',
      'mode': dict({
        'active': True,
        'mode': 'follow_schedule',
      }),
      'name': 'Stored HW',
      'relay_demand': 0.12,
      'setpoint': 57.0,
      'temperature': 57.02,
      'type': 'DhwZone',
    }),
    'schema': dict({
      '01:216136': dict({
        'orphans': list([
        ]),
        'stored_hotwater': dict({
          'heating_valve': None,
          'hotwater_valve': '13:042605',
          'sensor': '07:050121',
        }),
        'system': dict({
          'appliance_control': None,
        }),
        'underfloor_heating': dict({
        }),
        'zones': dict({
          '00': dict({
            '_name': None,
            'actuators': list([
              '04:034720',
              '04:056673',
            ]),
            'class': 'radiator_valve',
            'sensor': '04:056673',
          }),
          '01': dict({
            '_name': 'Kitchen',
            'actuators': list([
              '04:034682',
            ]),
            'class': 'radiator_valve',
            'sensor': '22:012299',
          }),
          '02': dict({
            '_name': 'Hall',
            'actuators': list([
            ]),
            'class': 'radiator_valve',
            'sensor': '04:034716',
          }),
          '03': dict({
            '_name': 'Lounge',
            'actuators': list([
              '04:056679',
              '04:219929',
            ]),
            'class': 'radiator_valve',
            'sensor': '34:058721',
          }),
          '04': dict({
            '_name': 'Dining room',
            'actuators': list([
              '04:056677',
            ]),
            'class': 'radiator_valve',
            'sensor': '04:056677',
          }),
          '05': dict({
            '_name': 'Office',
            'actuators': list([
              '04:106557',
            ]),
            'class': 'radiator_valve',
            'sensor': '04:106557',
          }),
          '06': dict({
            '_name': 'Master bed',
            'actuators': list([
              '04:056675',
            ]),
            'class': 'radiator_valve',
            'sensor': '04:056675',
          }),
          '07': dict({
            '_name': 'Bathrooms',
            'actuators': list([
              '04:034690',
              '04:034722',
              '04:036066',
              '04:036068',
            ]),
            'class': 'radiator_valve',
            'sensor': '04:036066',
          }),
          '08': dict({
            '_name': 'Bedroom 2',
            'actuators': list([
              '04:208998',
            ]),
            'class': 'radiator_valve',
            'sensor': '04:208998',
          }),
          '09': dict({
            '_name': 'Bedroom 3',
            'actuators': list([
              '04:208990',
            ]),
            'class': 'radiator_valve',
            'sensor': '04:208990',
          }),
          '0A': dict({
            '_name': 'Bedroom 4',
            'actuators': list([
              '04:208994',
            ]),
            'class': 'radiator_valve',
            'sensor': '04:208994',
          }),
          '0B': dict({
            '_name': 'Bedroom 5',
            'actuators': list([
              '04:034684',
              '04:034692',
              '04:208992',
            ]),
            'class': 'radiator_valve',
            'sensor': '04:208992',
          }),
        }),
      }),
      'main_tcs': '01:216136',
      'orphans_heat': list([
        '04:034726',
        '10:064873',
      ]),
      'orphans_hvac': list([
      ]),
    }),
    'system': dict({
      'active_faults': '()',
      'heat_demands': dict({
        'FC': 0.12,
      }),
      'id': '01:216136',
      'language': 'en',
      'latest_event': '26-05-06T23:12:28, restore, comms_fault, 07:050121, FA, dhw_sensor',
      'relay_demands': dict({
        'F9': 0.13,
        'FA': 0.0,
        'FC': 0.12,
      }),
      'schedule_version': 0,
      'system_mode': dict({
        'system_mode': 'auto',
      }),
      'type': 'Evohome',
    }),
    'zones': list([
      dict({
        'config': dict({
          'local_override': True,
          'max_temp': 35.0,
          'min_temp': 5.0,
          'multiroom_mode': False,
          'openwindow_function': False,
        }),
        'heat_demand': 0,
        'id': '01:216136_00',
        'mode': dict({
          'mode': 'follow_schedule',
          'setpoint': 18.0,
        }),
        'setpoint': 18.0,
        'temperature': 18.51,
        'type': 'RadZone',
        'window_open': False,
      }),
      dict({
        'config': dict({
          'local_override': True,
          'max_temp': 35.0,
          'min_temp': 5.0,
          'multiroom_mode': False,
          'openwindow_function': False,
        }),
        'heat_demand': 0,
        'id': '01:216136_01',
        'mode': dict({
          'mode': 'follow_schedule',
          'setpoint': 18.0,
        }),
        'name': 'Kitchen',
        'setpoint': 18.0,
        'temperature': 18.2,
        'type': 'RadZone',
        'window_open': False,
      }),
      dict({
        'config': dict({
          'local_override': True,
          'max_temp': 35.0,
          'min_temp': 5.0,
          'multiroom_mode': True,
          'openwindow_function': False,
        }),
        'id': '01:216136_02',
        'mode': dict({
          'mode': 'follow_schedule',
          'setpoint': 18.0,
        }),
        'name': 'Hall',
        'setpoint': 18.0,
        'temperature': 17.81,
        'type': 'RadZone',
        'window_open': False,
      }),
      dict({
        'config': dict({
          'local_override': True,
          'max_temp': 35.0,
          'min_temp': 5.0,
          'multiroom_mode': False,
          'openwindow_function': True,
        }),
        'heat_demand': 0.13,
        'id': '01:216136_03',
        'mode': dict({
          'mode': 'follow_schedule',
          'setpoint': 19.0,
        }),
        'name': 'Lounge',
        'setpoint': 19.0,
        'temperature': 18.63,
        'type': 'RadZone',
        'window_open': False,
      }),
      dict({
        'config': dict({
          'local_override': True,
          'max_temp': 35.0,
          'min_temp': 5.0,
          'multiroom_mode': False,
          'openwindow_function': True,
        }),
        'heat_demand': 0,
        'id': '01:216136_04',
        'mode': dict({
          'mode': 'follow_schedule',
          'setpoint': 18.5,
        }),
        'name': 'Dining room',
        'setpoint': 18.5,
        'temperature': 18.32,
        'type': 'RadZone',
        'window_open': False,
      }),
      dict({
        'config': dict({
          'local_override': True,
          'max_temp': 35.0,
          'min_temp': 5.0,
          'multiroom_mode': False,
          'openwindow_function': True,
        }),
        'heat_demand': 0,
        'id': '01:216136_05',
        'mode': dict({
          'mode': 'follow_schedule',
          'setpoint': 18.0,
        }),
        'name': 'Office',
        'setpoint': 18.0,
        'temperature': 19.46,
        'type': 'RadZone',
        'window_open': False,
      }),
      dict({
        'config': dict({
          'local_override': True,
          'max_temp': 35.0,
          'min_temp': 5.0,
          'multiroom_mode': False,
          'openwindow_function': True,
        }),
        'heat_demand': 0,
        'id': '01:216136_06',
        'mode': dict({
          'mode': 'follow_schedule',
          'setpoint': 18.0,
        }),
        'name': 'Master bed',
        'setpoint': 18.0,
        'temperature': 18.44,
        'type': 'RadZone',
        'window_open': False,
      }),
      dict({
        'config': dict({
          'local_override': True,
          'max_temp': 35.0,
          'min_temp': 5.0,
          'multiroom_mode': True,
          'openwindow_function': True,
        }),
        'heat_demand': 0,
        'id': '01:216136_07',
        'mode': dict({
          'mode': 'follow_schedule',
          'setpoint': 18.0,
        }),
        'name': 'Bathrooms',
        'setpoint': 18.0,
        'temperature': 18.35,
        'type': 'RadZone',
        'window_open': False,
      }),
      dict({
        'config': dict({
          'local_override': True,
          'max_temp': 35.0,
          'min_temp': 5.0,
          'multiroom_mode': False,
          'openwindow_function': True,
        }),
        'heat_demand': 0,
        'id': '01:216136_08',
        'mode': dict({
          'mode': 'follow_schedule',
          'setpoint': 18.0,
        }),
        'name': 'Bedroom 2',
        'setpoint': 18.0,
        'temperature': 17.89,
        'type': 'RadZone',
        'window_open': False,
      }),
      dict({
        'config': dict({
          'local_override': True,
          'max_temp': 35.0,
          'min_temp': 5.0,
          'multiroom_mode': False,
          'openwindow_function': True,
        }),
        'heat_demand': 0,
        'id': '01:216136_09',
        'mode': dict({
          'mode': 'permanent_override',
          'setpoint': 5.0,
        }),
        'name': 'Bedroom 3',
        'setpoint': 5.0,
        'temperature': 17.59,
        'type': 'RadZone',
        'window_open': False,
      }),
      dict({
        'config': dict({
          'local_override': True,
          'max_temp': 35.0,
          'min_temp': 5.0,
          'multiroom_mode': False,
          'openwindow_function': True,
        }),
        'heat_demand': 0,
        'id': '01:216136_0A',
        'mode': dict({
          'mode': 'permanent_override',
          'setpoint': 5.0,
        }),
        'name': 'Bedroom 4',
        'setpoint': 5.0,
        'temperature': 18.45,
        'type': 'RadZone',
        'window_open': False,
      }),
      dict({
        'config': dict({
          'local_override': True,
          'max_temp': 35.0,
          'min_temp': 5.0,
          'multiroom_mode': True,
          'openwindow_function': True,
        }),
        'heat_demand': 0,
        'id': '01:216136_0B',
        'mode': dict({
          'mode': 'permanent_override',
          'setpoint': 5.0,
        }),
        'name': 'Bedroom 5',
        'setpoint': 5.0,
        'temperature': 17.84,
        'type': 'RadZone',
        'window_open': False,
      }),
    ]),
  })
# ---
# name: test_read_model_baseline_snapshot[standard]
  dict({
    'devices': list([
      dict({
        'battery_low': None,
        'battery_state': None,
        'id': '01:195932',
        'type': 'Controller',
      }),
      dict({
        'battery_low': None,
        'battery_state': None,
        'heat_demand': 0.0,
        'id': '02:007533',
        'relay_demand': 0.0,
        'type': 'UfhController',
      }),
      dict({
        'battery_low': False,
        'battery_state': dict({
          'battery_level': 0.5,
          'battery_low': False,
        }),
        'heat_demand': 0.0,
        'id': '04:017804',
        'setpoint': 16.0,
        'temperature': 18.76,
        'type': 'TrvActuator',
        'window_open': False,
      }),
      dict({
        'battery_low': False,
        'battery_state': dict({
          'battery_level': 0.5,
          'battery_low': False,
        }),
        'heat_demand': 0.0,
        'id': '04:017806',
        'setpoint': 15.0,
        'temperature': 19.43,
        'type': 'TrvActuator',
        'window_open': False,
      }),
      dict({
        'battery_low': False,
        'battery_state': dict({
          'battery_level': 0.5,
          'battery_low': False,
        }),
        'heat_demand': 0.0,
        'id': '04:017808',
        'setpoint': 16.0,
        'temperature': 18.76,
        'type': 'TrvActuator',
        'window_open': False,
      }),
      dict({
        'battery_low': False,
        'battery_state': dict({
          'battery_level': 1.0,
          'battery_low': False,
        }),
        'heat_demand': 0.0,
        'id': '04:017810',
        'setpoint': 19.0,
        'temperature': 19.39,
        'type': 'TrvActuator',
        'window_open': False,
      }),
      dict({
        'battery_low': False,
        'battery_state': dict({
          'battery_level': 1.0,
          'battery_low': False,
        }),
        'heat_demand': 0.0,
        'id': '04:017980',
        'setpoint': 16.0,
        'temperature': 19.17,
        'type': 'TrvActuator',
        'window_open': False,
      }),
      dict({
        'battery_low': False,
        'battery_state': dict({
          'battery_level': 0.5,
          'battery_low': False,
        }),
        'heat_demand': 0.0,
        'id': '04:017982',
        'setpoint': 16.0,
        'temperature': 18.32,
        'type': 'TrvActuator',
        'window_open': False,
      }),
      dict({
        'battery_low': None,
        'battery_state': None,
        'heat_demand': 0.0,
        'id': '04:017984',
        'setpoint': 21.0,
        'temperature': 18.76,
        'type': 'TrvActuator',
        'window_open': False,
      }),
      dict({
        'battery_low': None,
        'battery_state': None,
        'heat_demand': 0.0,
        'id': '04:017986',
        'setpoint': 16.0,
        'temperature': 18.58,
        'type': 'TrvActuator',
        'window_open': False,
      }),
      dict({
        'battery_low': False,
        'battery_state': dict({
          'battery_level': 0.5,
          'battery_low': False,
        }),
        'heat_demand': 0.0,
        'id': '04:018744',
        'setpoint': 16.0,
        'temperature': 18.9,
        'type': 'TrvActuator',
        'window_open': False,
      }),
      dict({
        'battery_low': False,
        'battery_state': dict({
          'battery_level': 0.5,
          'battery_low': False,
        }),
        'heat_demand': 0.0,
        'id': '04:018756',
        'setpoint': 16.0,
        'temperature': 18.77,
        'type': 'TrvActuator',
        'window_open': False,
      }),
      dict({
        'battery_low': None,
        'battery_state': None,
        'dhw_params': dict({
          'differential': 10.0,
          'overrun': 0,
          'setpoint': 50.0,
        }),
        'id': '07:048080',
        'temperature': 29.1,
        'type': 'DhwSensor',
      }),
      dict({
        'actuator_cycle': dict({
          'actuator_countdown': 300,
          'cycle_countdown': 300,
          'modulation_level': 0.0,
        }),
        'actuator_state': dict({
          'modulation_level': 0.0,
        }),
        'battery_low': None,
        'battery_state': None,
        'id': '13:027756',
        'relay_demand': 0.0,
        'tpi_params': dict({
          'cycle_rate': 3,
          'min_off_time': 0.0,
          'min_on_time': 5.0,
          'proportional_band_width': None,
        }),
        'type': 'BdrSwitch',
      }),
      dict({
        'actuator_cycle': dict({
          'actuator_countdown': 415,
          'cycle_countdown': 415,
          'modulation_level': 0.0,
        }),
        'actuator_state': dict({
          'modulation_level': 0.0,
        }),
        'battery_low': None,
        'battery_state': None,
        'id': '13:203402',
        'relay_demand': 0.0,
        'tpi_params': dict({
          'cycle_rate': 3,
          'min_off_time': 0.0,
          'min_on_time': 5.0,
          'proportional_band_width': None,
        }),
        'type': 'BdrSwitch',
      }),
      dict({
        'battery_low': None,
        'battery_state': None,
        'cqrs_hvac_state': dict({
          'temperature': 40.92,
        }),
        'id': '18:005960',
        'type': 'HgiGateway',
      }),
      dict({
        'battery_low': False,
        'battery_state': dict({
          'battery_level': None,
          'battery_low': False,
        }),
        'cqrs_hvac_state': dict({
          'temperature': 21.75,
        }),
        'id': '34:002877',
        'temperature': 21.14,
        'type': 'Thermostat',
      }),
      dict({
        'battery_low': False,
        'battery_state': dict({
          'battery_level': None,
          'battery_low': False,
        }),
        'cqrs_hvac_state': dict({
          'temperature': 21.86,
        }),
        'id': '34:006985',
        'temperature': 21.22,
        'type': 'Thermostat',
      }),
      dict({
        'battery_low': False,
        'battery_state': dict({
          'battery_level': None,
          'battery_low': False,
        }),
        'cqrs_hvac_state': dict({
          'temperature': 23.98,
        }),
        'id': '34:124201',
        'setpoint': 14.0,
        'temperature': 21.55,
        'type': 'Thermostat',
      }),
      dict({
        'battery_low': False,
        'battery_state': dict({
          'battery_level': None,
          'battery_low': False,
        }),
        'cqrs_hvac_state': dict({
          'temperature': 22.13,
        }),
        'id': '34:182991',
        'temperature': 21.3,
        'type': 'Thermostat',
      }),
      dict({
        'battery_low': False,
        'battery_state': dict({
          'battery_level': None,
          'battery_low': False,
        }),
        'cqrs_hvac_state': dict({
          'temperature': 22.34,
        }),
        'id': '34:194645',
        'setpoint': 15.5,
        'temperature': 21.09,
        'type': 'Thermostat',
      }),
    ]),
    'dhw': dict({
      'config': dict({
        'differential': 10.0,
        'overrun': 0,
        'setpoint': 50.0,
      }),
      'heat_demand': 0.0,
      'id': '01:195932_HW',
      'mode': dict({
        'active': False,
        'mode': 'follow_schedule',
      }),
      'name': 'Stored HW',
      'relay_demand': 0.0,
      'setpoint': 50.0,
      'temperature': 40.92,
      'type': 'DhwZone',
    }),
    'schema': dict({
      '01:195932': dict({
        'orphans': list([
        ]),
        'stored_hotwater': dict({
          'heating_valve': None,
          'hotwater_valve': '13:203402',
          'sensor': '07:048080',
        }),
        'system': dict({
          'appliance_control': None,
        }),
        'underfloor_heating': dict({
          '02:007533': dict({
            'circuits': dict({
              '00': dict({
                'zone_idx': '00',
              }),
              '01': dict({
                'zone_idx': '01',
              }),
              '02': dict({
                'zone_idx': '0B',
              }),
              '03': dict({
                'zone_idx': None,
              }),
              '04': dict({
                'zone_idx': None,
              }),
              '05': dict({
                'zone_idx': None,
              }),
              '06': dict({
                'zone_idx': None,
              }),
              '07': dict({
                'zone_idx': None,
              }),
            }),
          }),
        }),
        'zones': dict({
          '00': dict({
            '_name': 'Kitchen & Util',
            'actuators': list([
            ]),
            'class': 'underfloor_heating',
            'sensor': '34:194645',
          }),
          '01': dict({
            '_name': 'Hall & WC',
            'actuators': list([
            ]),
            'class': 'underfloor_heating',
            'sensor': '34:182991',
          }),
          '02': dict({
            '_name': 'Office',
            'actuators': list([
              '04:017806',
            ]),
            'class': 'radiator_valve',
            'sensor': '04:017806',
          }),
          '03': dict({
            '_name': 'Living room',
            'actuators': list([
              '04:017984',
            ]),
            'class': 'radiator_valve',
            'sensor': '34:002877',
          }),
          '04': dict({
            '_name': 'Landing',
            'actuators': list([
              '04:017980',
            ]),
            'class': 'radiator_valve',
            'sensor': '04:017980',
          }),
          '05': dict({
            '_name': 'Bedroom 1',
            'actuators': list([
              '04:017986',
            ]),
            'class': 'radiator_valve',
            'sensor': '34:006985',
          }),
          '06': dict({
            '_name': 'Bedroom 2',
            'actuators': list([
              '04:017804',
            ]),
            'class': 'radiator_valve',
            'sensor': '04:017804',
          }),
          '07': dict({
            '_name': 'Bedroom 3',
            'actuators': list([
              '04:017982',
            ]),
            'class': 'radiator_valve',
            'sensor': '04:017982',
          }),
          '08': dict({
            '_name': 'Bedroom 4',
            'actuators': list([
              '04:017808',
            ]),
            'class': 'radiator_valve',
            'sensor': '04:017808',
          }),
          '09': dict({
            '_name': 'Bathroom',
            'actuators': list([
              '04:018756',
            ]),
            'class': 'radiator_valve',
            'sensor': '04:018756',
          }),
          '0A': dict({
            '_name': 'Ensuite',
            'actuators': list([
              '04:018744',
            ]),
            'class': 'radiator_valve',
            'sensor': '04:018744',
          }),
          '0B': dict({
            '_name': 'Old Shop',
            'actuators': list([
            ]),
            'class': 'underfloor_heating',
            'sensor': '34:124201',
          }),
        }),
      }),
      'main_tcs': '01:195932',
      'orphans_heat': list([
        '04:017810',
        '13:027756',
      ]),
      'orphans_hvac': list([
      ]),
    }),
    'system': dict({
      'active_faults': '()',
      'heat_demands': dict({
        'FC': 0.0,
      }),
      'id': '01:195932',
      'language': 'en',
      'latest_event': '26-03-29T19:05:15, restore, battery_low, 04:017984, 03, actuator',
      'relay_demands': dict({
        'F9': 0.0,
        'FA': 0.0,
        'FC': 0.0,
      }),
      'schedule_version': 0,
      'system_mode': dict({
        'system_mode': 'auto',
      }),
      'type': 'Evohome',
    }),
    'zones': list([
      dict({
        'config': dict({
          'local_override': True,
          'max_temp': 35.0,
          'min_temp': 5.0,
          'multiroom_mode': False,
          'openwindow_function': True,
        }),
        'heat_demand': 0,
        'id': '01:195932_00',
        'mode': dict({
          'mode': 'follow_schedule',
          'setpoint': 18.0,
        }),
        'name': 'Kitchen & Util',
        'setpoint': 18.0,
        'temperature': 22.34,
        'type': 'UfhZone',
        'window_open': False,
      }),
      dict({
        'config': dict({
          'local_override': True,
          'max_temp': 35.0,
          'min_temp': 5.0,
          'multiroom_mode': False,
          'openwindow_function': True,
        }),
        'heat_demand': 0,
        'id': '01:195932_01',
        'mode': dict({
          'mode': 'follow_schedule',
          'setpoint': 18.0,
        }),
        'name': 'Hall & WC',
        'setpoint': 18.0,
        'temperature': 22.13,
        'type': 'UfhZone',
        'window_open': False,
      }),
      dict({
        'config': dict({
          'local_override': True,
          'max_temp': 35.0,
          'min_temp': 5.0,
          'multiroom_mode': False,
          'openwindow_function': True,
        }),
        'heat_demand': 0,
        'id': '01:195932_02',
        'mode': dict({
          'mode': 'follow_schedule',
          'setpoint': 15.0,
        }),
        'name': 'Office',
        'setpoint': 15.0,
        'temperature': 20.43,
        'type': 'RadZone',
        'window_open': False,
      }),
      dict({
        'config': dict({
          'local_override': True,
          'max_temp': 35.0,
          'min_temp': 5.0,
          'multiroom_mode': False,
          'openwindow_function': True,
        }),
        'heat_demand': 0,
        'id': '01:195932_03',
        'mode': dict({
          'mode': 'follow_schedule',
          'setpoint': 21.0,
        }),
        'name': 'Living room',
        'setpoint': 21.0,
        'temperature': 21.75,
        'type': 'RadZone',
        'window_open': False,
      }),
      dict({
        'config': dict({
          'local_override': True,
          'max_temp': 35.0,
          'min_temp': 5.0,
          'multiroom_mode': False,
          'openwindow_function': True,
        }),
        'heat_demand': 0,
        'id': '01:195932_04',
        'mode': dict({
          'mode': 'follow_schedule',
          'setpoint': 16.0,
        }),
        'name': 'Landing',
        'setpoint': 16.0,
        'temperature': 19.74,
        'type': 'RadZone',
        'window_open': False,
      }),
      dict({
        'config': dict({
          'local_override': True,
          'max_temp': 25.0,
          'min_temp': 5.0,
          'multiroom_mode': False,
          'openwindow_function': True,
        }),
        'heat_demand': 0,
        'id': '01:195932_05',
        'mode': dict({
          'mode': 'follow_schedule',
          'setpoint': 16.0,
        }),
        'name': 'Bedroom 1',
        'setpoint': 16.0,
        'temperature': 21.86,
        'type': 'RadZone',
        'window_open': False,
      }),
      dict({
        'config': dict({
          'local_override': True,
          'max_temp': 35.0,
          'min_temp': 5.0,
          'multiroom_mode': False,
          'openwindow_function': True,
        }),
        'heat_demand': 0,
        'id': '01:195932_06',
        'mode': dict({
          'mode': 'follow_schedule',
          'setpoint': 16.0,
        }),
        'name': 'Bedroom 2',
        'setpoint': 16.0,
        'temperature': 19.31,
        'type': 'RadZone',
        'window_open': False,
      }),
      dict({
        'config': dict({
          'local_override': True,
          'max_temp': 35.0,
          'min_temp': 5.0,
          'multiroom_mode': False,
          'openwindow_function': True,
        }),
        'heat_demand': 0,
        'id': '01:195932_07',
        'mode': dict({
          'mode': 'follow_schedule',
          'setpoint': 16.0,
        }),
        'name': 'Bedroom 3',
        'setpoint': 16.0,
        'temperature': 18.78,
        'type': 'RadZone',
        'window_open': False,
      }),
      dict({
        'config': dict({
          'local_override': True,
          'max_temp': 35.0,
          'min_temp': 5.0,
          'multiroom_mode': False,
          'openwindow_function': True,
        }),
        'heat_demand': 0,
        'id': '01:195932_08',
        'mode': dict({
          'mode': 'follow_schedule',
          'setpoint': 16.0,
        }),
        'name': 'Bedroom 4',
        'setpoint': 16.0,
        'temperature': 17.79,
        'type': 'RadZone',
        'window_open': False,
      }),
      dict({
        'config': dict({
          'local_override': True,
          'max_temp': 35.0,
          'min_temp': 5.0,
          'multiroom_mode': False,
          'openwindow_function': True,
        }),
        'heat_demand': 0,
        'id': '01:195932_09',
        'mode': dict({
          'mode': 'follow_schedule',
          'setpoint': 16.0,
        }),
        'name': 'Bathroom',
        'setpoint': 16.0,
        'temperature': 18.9,
        'type': 'RadZone',
        'window_open': False,
      }),
      dict({
        'config': dict({
          'local_override': True,
          'max_temp': 35.0,
          'min_temp': 5.0,
          'multiroom_mode': False,
          'openwindow_function': True,
        }),
        'heat_demand': 0,
        'id': '01:195932_0A',
        'mode': dict({
          'mode': 'follow_schedule',
          'setpoint': 16.0,
        }),
        'name': 'Ensuite',
        'setpoint': 16.0,
        'temperature': 20.35,
        'type': 'RadZone',
        'window_open': False,
      }),
      dict({
        'config': dict({
          'local_override': True,
          'max_temp': 35.0,
          'min_temp': 5.0,
          'multiroom_mode': False,
          'openwindow_function': True,
        }),
        'heat_demand': 0,
        'id': '01:195932_0B',
        'mode': dict({
          'mode': 'follow_schedule',
          'setpoint': 19.0,
        }),
        'name': 'Old Shop',
        'setpoint': 19.0,
        'temperature': 23.98,
        'type': 'UfhZone',
        'window_open': False,
      }),
    ]),
  })
# ---
